Load Map - Thu May 30 18:26:42 BST 2019

Main class:       RBv2019
Classes:          69
Interfaces:       10
Methods:          209
Constants:        104
Instance fields:  111
Static fields:    48
Static data size: 180
Code size:        11007
Start address:    8000
End address:      aafe

810a 810b java.lang.Object.<init>()
8110 8123 java.lang.Object.getClass()
812d 8141 java.lang.Object.clone()
814b 816f java.lang.Object.toString()
8256 8267 java.lang.Thread.run()
826c 8272 java.lang.Thread.setName(java.lang.String)
8276 82a1 java.lang.Thread.sleep(long)
82a5 82aa java.lang.Thread.<clinit>()
82b8 82be java.lang.Thread.<init>()
82c7 82df java.lang.Thread.<init>(java.lang.Runnable)
82e3 8302 java.lang.Thread.<init>(java.lang.Runnable, java.lang.String)
830c 833c java.lang.Thread.toString()
8341 8346 java.lang.Thread.getName()
83a0 83df com.ridgesoft.intellibrain.StartupThread.run()
842b 8435 java.lang.String.createString(byte[])
8439 8448 java.lang.String.<init>(byte[], int)
844c 8476 java.lang.String.<init>(byte[], int, int)
847b 8486 java.lang.String.getBytes()
848a 849b java.lang.String.<init>()
849f 84b4 java.lang.String.<init>(byte[])
84b9 84bf java.lang.String.length()
84c4 84e6 java.lang.String.getBytes(int, int, byte[], int)
84ea 851a java.lang.String.<init>(char[], int, int)
851e 8523 java.lang.String.valueOf(java.lang.Object)
8528 852a java.lang.String.toString()
85be 86bc java.lang.Throwable.vmThrow(int)
86c8 86ed java.lang.Throwable.<init>()
86fa 879f java.lang.Throwable.printStackTrace()
87a3 87ca java.lang.Throwable.<clinit>()
87d3 87db java.lang.Throwable.init()
87e7 8829 java.lang.Throwable.<init>(java.lang.String)
88cf 88d9 java.lang.InternalError.<init>()
88dd 88e8 java.lang.InternalError.<init>(java.lang.String)
8917 8921 java.lang.OutOfMemoryError.<init>()
8925 8930 java.lang.OutOfMemoryError.<init>(java.lang.String)
8961 896b java.lang.StackOverflowError.<init>()
896f 897a java.lang.StackOverflowError.<init>(java.lang.String)
8dc2 8f21 RBv2019.main(java.lang.String[])
8f25 8f6a RBv2019.waitState()
8f6e 9024 RBv2019.navigateRightState()
9028 9096 RBv2019.centerState()
909a 90ed RBv2019.putOutState()
90f1 916e RBv2019.returnState()
9172 9182 RBv2019.checkStopButton(int)
9186 9197 RBv2019.stop()
919b 91f3 RBv2019.displayFlameSensorData(int)
91f7 9217 RBv2019.maneuverToCorrectDirection()
921b 922f RBv2019.maneuverToExitWhiteCircle()
9233 9253 RBv2019.getDistance(com.ridgesoft.robotics.RangeFinder)
9257 9277 RBv2019.rotateAngle(int)
927b 92cb RBv2019.checkBumpers()
92cf 92e6 RBv2019.move(int, int)
92ea 9316 RBv2019.getFloorTag()
931a 932d RBv2019.maneuverToReturnBack()
9339 9347 RBv2019.wait(int)
934b 93c0 RBv2019.maneuverToGoToNextRoom()
93c4 93d8 RBv2019.rotate(int)
940c 9422 java.io.OutputStream.write(byte[])
942c 942d java.io.OutputStream.flush()
9432 9450 java.io.OutputStream.write(byte[], int, int)
948b 9495 java.io.FilterOutputStream.<init>(java.io.OutputStream)
949a 94a3 java.io.FilterOutputStream.write(byte[])
94a8 94b1 java.io.FilterOutputStream.write(int)
94b6 94be java.io.FilterOutputStream.flush()
94c3 94ce java.io.FilterOutputStream.write(byte[], int, int)
9501 950c java.io.PrintStream.<init>(java.io.OutputStream)
9511 951b java.io.PrintStream.println(java.lang.String)
9528 953f java.io.PrintStream.print(java.lang.String)
954c 9566 java.io.PrintStream.println()
95a0 95af com.ridgesoft.io.OutputStreamTee.<init>(java.io.OutputStream, java.io.OutputStream)
95c3 95dc com.ridgesoft.io.OutputStreamTee.write(byte[])
95f0 9609 com.ridgesoft.io.OutputStreamTee.write(int)
961d 9634 com.ridgesoft.io.OutputStreamTee.flush()
9648 9665 com.ridgesoft.io.OutputStreamTee.write(byte[], int, int)
96b4 9717 com.ridgesoft.io.DisplayOutputStream.<init>(com.ridgesoft.io.Display)
971b 9728 com.ridgesoft.io.DisplayOutputStream.<clinit>()
972d 9736 com.ridgesoft.io.DisplayOutputStream.write(byte[])
973b 9788 com.ridgesoft.io.DisplayOutputStream.write(int)
978d 97b9 com.ridgesoft.io.DisplayOutputStream.flush()
97be 97ca com.ridgesoft.io.DisplayOutputStream.write(byte[], int, int)
97ce 984c com.ridgesoft.io.DisplayOutputStream.scroll()
9895 989a com.ridgesoft.vm.DebugOutputStream.<clinit>()
989f 98a8 com.ridgesoft.vm.DebugOutputStream.write(byte[])
98ad 98f6 com.ridgesoft.vm.DebugOutputStream.write(int)
9903 9924 com.ridgesoft.vm.DebugOutputStream.flush()
9929 9935 com.ridgesoft.vm.DebugOutputStream.write(byte[], int, int)
9958 995c com.ridgesoft.vm.VM.getDebugOutputStream()
9974 9983 com.ridgesoft.vm.VM.<clinit>()
9987 9996 com.ridgesoft.vm.VM.isSet(int, int)
99ec 9a03 com.ridgesoft.intellibrain.IntelliBrain.getOutputStream()
9a07 9a4a com.ridgesoft.intellibrain.IntelliBrain.getServo(int)
9a4e 9ae3 com.ridgesoft.intellibrain.IntelliBrain.getDigitalIO(int)
9ae7 9afb com.ridgesoft.intellibrain.IntelliBrain.getLcdDisplay()
9aff 9b74 com.ridgesoft.intellibrain.IntelliBrain.getAnalogInput(int)
9b78 9bc2 com.ridgesoft.intellibrain.IntelliBrain.getMotor(int)
9bc6 9c81 com.ridgesoft.intellibrain.IntelliBrain.getPinPortData(byte)
9c85 9c8c com.ridgesoft.intellibrain.IntelliBrain.<clinit>()
9c98 9d3e com.ridgesoft.intellibrain.IntelliBrain.initialize()
9d6f 9d74 java.lang.System.setOut(java.io.PrintStream)
9d78 9d7d java.lang.System.setErr(java.io.PrintStream)
9dec 9e00 ContinuousRotationServo.<init>(com.ridgesoft.robotics.Servo, boolean, int)
9e05 9e48 ContinuousRotationServo.setPower(int)
9e4d 9e57 ContinuousRotationServo.stop()
9ebc 9ece com.ridgesoft.robotics.SonarRangeFinder.getDistanceCm()
9f0a 9f1e com.ridgesoft.robotics.sensors.ParallaxPing.<init>(com.ridgesoft.robotics.PulseInput)
9f23 9f32 com.ridgesoft.robotics.sensors.ParallaxPing.ping()
9f37 9f52 com.ridgesoft.robotics.sensors.ParallaxPing.getEchoDelay()
9f9d 9fce com.ridgesoft.intellibrain.IntelliBrainPinPort.setPullUp(boolean)
9fd2 9fe1 com.ridgesoft.intellibrain.IntelliBrainPinPort.<init>(com.ridgesoft.intellibrain.IntelliBrainPinPortData)
a064 a0b0 com.ridgesoft.intellibrain.IntelliBrainDigitalIO.setDirection(boolean)
a0b4 a0c4 com.ridgesoft.intellibrain.IntelliBrainDigitalIO.<init>(com.ridgesoft.intellibrain.IntelliBrainPinPortData, boolean)
a0c9 a102 com.ridgesoft.intellibrain.IntelliBrainDigitalIO.enablePulseMeasurement(boolean)
a107 a132 com.ridgesoft.intellibrain.IntelliBrainDigitalIO.isSet()
a137 a150 com.ridgesoft.intellibrain.IntelliBrainDigitalIO.set()
a155 a16e com.ridgesoft.intellibrain.IntelliBrainDigitalIO.clear()
a178 a180 com.ridgesoft.intellibrain.IntelliBrainDigitalIO.toString()
a185 a1b0 com.ridgesoft.intellibrain.IntelliBrainDigitalIO.pulse(int)
a1ba a1cf com.ridgesoft.intellibrain.IntelliBrainDigitalIO.readPulseDuration()
a217 a223 com.ridgesoft.intellibrain.IntelliBrainExpDigitalIO.<init>(com.ridgesoft.intellibrain.IntelliBrainPinPortData)
a228 a235 com.ridgesoft.intellibrain.IntelliBrainExpDigitalIO.setPullUp(boolean)
a23a a26a com.ridgesoft.intellibrain.IntelliBrainExpDigitalIO.setDirection(boolean)
a2b9 a2c0 com.ridgesoft.intellibrain.IntelliBrainAnalogInput.<clinit>()
a2c5 a2d0 com.ridgesoft.intellibrain.IntelliBrainAnalogInput.sample()
a2d4 a2dd com.ridgesoft.intellibrain.IntelliBrainAnalogInput.enableAToD()
a2e1 a305 com.ridgesoft.intellibrain.IntelliBrainAnalogInput.sample(byte)
a30a a312 com.ridgesoft.intellibrain.IntelliBrainAnalogInput.toString()
a35d a372 com.ridgesoft.intellibrain.IntelliBrainExpAnalogInput.<init>(com.ridgesoft.intellibrain.IntelliBrainPinPortData, byte, boolean)
a377 a390 com.ridgesoft.intellibrain.IntelliBrainExpAnalogInput.setPullUp(boolean)
a395 a39a com.ridgesoft.intellibrain.IntelliBrainExpAnalogInput.sample()
a39e a3bf com.ridgesoft.intellibrain.IntelliBrainExpAnalogInput.expansionSample(com.ridgesoft.intellibrain.IntelliBrainExpAnalogInput)
a3c8 a3ce com.ridgesoft.intellibrain.IntelliBrainExpAnalogInput.setMuxPortPullUp(boolean)
a470 a496 NewWayFlameSensor.<init>(com.ridgesoft.robotics.AnalogInput[], int, int)
a49b a4e4 NewWayFlameSensor.scan()
a4e9 a4ee NewWayFlameSensor.getValue()
a56b a57d java.lang.StringBuilder.<init>()
a582 a594 java.lang.StringBuilder.append(boolean)
a599 a5aa java.lang.StringBuilder.toString()
a5ae a5c9 java.lang.StringBuilder.<init>(java.lang.String)
a5ce a5f7 java.lang.StringBuilder.append(java.lang.String)
a5fc a657 java.lang.StringBuilder.append(int)
a65c a695 java.lang.StringBuilder.ensureCapacity(int)
a69a a6c7 java.lang.StringBuilder.append(char[], int, int)
a6fd a707 com.ridgesoft.io.Display.print(int, java.lang.String)
a70c a740 com.ridgesoft.io.Display.print(int, byte[])
a745 a74a com.ridgesoft.io.Display.getWidth()
a74f a754 com.ridgesoft.io.Display.getHeight()
a758 a769 com.ridgesoft.io.Display.<init>(int, int)
a7a3 a7ab com.ridgesoft.intellibrain.IntelliBrainDisplay.<init>()
a7b0 a7b7 com.ridgesoft.intellibrain.IntelliBrainDisplay.printChar(int, int, byte)
a7e2 a7e7 java.lang.Class.getName()
a7eb a7f5 java.lang.Class.<init>(java.lang.String)
a81c a860 java.lang.Integer.toHexString(int)
a865 a86d java.lang.Integer.toString()
a871 a880 java.lang.Integer.toString(int)
a8bc a8c7 com.ridgesoft.intellibrain.IntelliBrainServo.<init>(int)
a8cc a8d5 com.ridgesoft.intellibrain.IntelliBrainServo.off()
a8da a8e3 com.ridgesoft.intellibrain.IntelliBrainServo.setPosition(int)
a99b a9bb com.ridgesoft.intellibrain.IntelliBrainPinPortData.<init>(byte, short, short, short, byte)
aa5f aa6a com.ridgesoft.intellibrain.IntelliBrainMotor.<init>(int)
aa6f aa8d com.ridgesoft.intellibrain.IntelliBrainMotor.setPower(int)
aa92 aa98 com.ridgesoft.intellibrain.IntelliBrainMotor.stop()
aae3 aaf2 java.lang.Boolean.toString(boolean)
aaf7 aaff java.lang.Boolean.toString()
